0 verbose cli C:\Program Files\nodejs\node.exe C:\Users\PRATHMESH\AppData\Roaming\npm\node_modules\npm\bin\npm-cli.js
1 info using npm@11.18.0
2 info using node@v24.14.1
3 silly config load:file:C:\Users\PRATHMESH\AppData\Roaming\npm\node_modules\npm\npmrc
4 silly config load:file:C:\Users\PRATHMESH\Desktop\Frontend_react\.npmrc
5 silly config load:file:C:\Users\PRATHMESH\.npmrc
6 silly config load:file:C:\Users\PRATHMESH\AppData\Roaming\npm\etc\npmrc
7 verbose title npm run build
8 verbose argv "run" "build"
9 verbose logfile logs-max:10 dir:C:\Users\PRATHMESH\Desktop\Frontend_react\.npm-cache\_logs\2026-09-24T04_11_35_129Z-
10 verbose logfile C:\Users\PRATHMESH\Desktop\Frontend_react\.npm-cache\_logs\2026-09-24T04_11_35_129Z-debug-0.log
11 warn using --force Recommended protections disabled.
12 silly logfile start cleaning logs, removing 1 files
13 silly logfile done cleaning log files
14 verbose cwd C:\Users\PRATHMESH\Desktop\Frontend_react
15 verbose os Windows_NT 10.0.26200
16 verbose node v24.14.1
17 verbose npm  v11.18.0
18 verbose exit 1
19 verbose code 1
